[0m23:54:55.760842 [debug] [MainThread]: Sending event: {'category': 'dbt', 'action': 'invocation', 'label': 'start', 'context': [<snowplow_tracker.self_describing_json.SelfDescribingJson object at 0x000002027F0F7380>, <snowplow_tracker.self_describing_json.SelfDescribingJson object at 0x0000020201A0BED0>, <snowplow_tracker.self_describing_json.SelfDescribingJson object at 0x0000020201A0BB10>]}


============================== 23:54:55.776201 | bd822310-bab9-4576-8633-41ec7e58a170 ==============================
[0m23:54:55.776201 [info ] [MainThread]: Running with dbt=1.12.5
[0m23:54:55.778007 [debug] [MainThread]: running dbt with arguments {'static_parser': 'True', 'no_print': 'None', 'maximum_seed_size_mib': '1', 'warn_error_options': 'WarnErrorOptionsV2(error=[], warn=[], silence=[])', 'target_path': 'None', 'version_check': 'True', 'printer_width': '80', 'write_json': 'True', 'introspect': 'True', 'log_cache_events': 'False', 'empty': 'None', 'cache_selected_only': 'False', 'fail_fast': 'False', 'debug': 'False', 'log_format': 'default', 'profiles_dir': 'C:\\Users\\Dell\\.dbt', 'send_anonymous_usage_stats': 'True', 'quiet': 'False', 'warn_error': 'None', 'partial_parse': 'True', 'indirect_selection': 'eager', 'hints_enabled': 'True', 'use_colors': 'True', 'use_experimental_parser': 'False', 'invocation_command': 'dbt init careflow_dbt', 'log_path': 'logs'}
[0m23:54:55.840469 [info ] [MainThread]: Creating dbt configuration folder at C:\Users\Dell\.dbt
[0m23:54:55.846030 [debug] [MainThread]: Starter project path: C:\Users\Dell\Desktop\CareFlow\.venv\Lib\site-packages\dbt\include\starter_project
[0m23:54:55.897751 [info ] [MainThread]: Setting up your profile.
[0m00:13:05.570562 [error] [MainThread]: [[31mERROR[0m]: Encountered an error:

[0m00:13:05.689259 [error] [MainThread]: Traceback (most recent call last):
  File "C:\Users\Dell\Desktop\CareFlow\.venv\Lib\site-packages\dbt\cli\requires.py", line 198, in wrapper
    result, success = func(*args, **kwargs)
                      ~~~~^^^^^^^^^^^^^^^^^
  File "C:\Users\Dell\Desktop\CareFlow\.venv\Lib\site-packages\dbt\cli\requires.py", line 144, in wrapper
    return func(*args, **kwargs)
  File "C:\Users\Dell\Desktop\CareFlow\.venv\Lib\site-packages\dbt\cli\main.py", line 504, in init
    results = task.run()
  File "C:\Users\Dell\Desktop\CareFlow\.venv\Lib\site-packages\dbt\task\init.py", line 363, in run
    self.setup_profile(profile_name)
    ~~~~~~~~~~~~~~~~~~^^^^^^^^^^^^^^
  File "C:\Users\Dell\Desktop\CareFlow\.venv\Lib\site-packages\dbt\task\init.py", line 265, in setup_profile
    self.create_profile_from_target(adapter, profile_name=profile_name)
    ~~~~~~~~~~~~~~~~~~~~~~~~~~~~~~~^^^^^^^^^^^^^^^^^^^^^^^^^^^^^^^^^^^^
  File "C:\Users\Dell\Desktop\CareFlow\.venv\Lib\site-packages\dbt\task\init.py", line 182, in create_profile_from_target
    self.create_profile_from_profile_template(profile_template, profile_name)
    ~~~~~~~~~~~~~~~~~~~~~~~~~~~~~~~~~~~~~~~~~^^^^^^^^^^^^^^^^^^^^^^^^^^^^^^^^
  File "C:\Users\Dell\Desktop\CareFlow\.venv\Lib\site-packages\dbt\task\init.py", line 166, in create_profile_from_profile_template
    target = self.generate_target_from_input(prompts, initial_target)
  File "C:\Users\Dell\Desktop\CareFlow\.venv\Lib\site-packages\dbt\task\init.py", line 119, in generate_target_from_input
    target = self.generate_target_from_input(
        profile_template_local[key][choice], target
    )
  File "C:\Users\Dell\Desktop\CareFlow\.venv\Lib\site-packages\dbt\task\init.py", line 132, in generate_target_from_input
    target[key] = click.prompt(
                  ~~~~~~~~~~~~^
        text, default=default, hide_input=hide_input, type=type
        ^^^^^^^^^^^^^^^^^^^^^^^^^^^^^^^^^^^^^^^^^^^^^^^^^^^^^^^
    )
    ^
  File "C:\Users\Dell\Desktop\CareFlow\.venv\Lib\site-packages\click\termui.py", line 262, in prompt
    value = prompt_func(prompt)
  File "C:\Users\Dell\Desktop\CareFlow\.venv\Lib\site-packages\click\termui.py", line 245, in prompt_func
    raise Abort() from None
click.exceptions.Abort

[0m00:13:05.692567 [debug] [MainThread]: Command `dbt init` failed at 00:13:05.692226 after 1090.19 seconds
[0m00:13:05.693591 [debug] [MainThread]: Sending event: {'category': 'dbt', 'action': 'invocation', 'label': 'end', 'context': [<snowplow_tracker.self_describing_json.SelfDescribingJson object at 0x00000202132CCFC0>, <snowplow_tracker.self_describing_json.SelfDescribingJson object at 0x00000202132C1130>, <snowplow_tracker.self_describing_json.SelfDescribingJson object at 0x0000020213217240>]}
[0m00:13:05.694582 [debug] [MainThread]: Flushing usage events
[0m00:13:07.781470 [debug] [MainThread]: An error was encountered while trying to flush usage events
[0m00:13:30.469828 [debug] [MainThread]: Sending event: {'category': 'dbt', 'action': 'invocation', 'label': 'start', 'context': [<snowplow_tracker.self_describing_json.SelfDescribingJson object at 0x000001EFE7A33380>, <snowplow_tracker.self_describing_json.SelfDescribingJson object at 0x000001EFEA287ED0>, <snowplow_tracker.self_describing_json.SelfDescribingJson object at 0x000001EFEA287B10>]}


============================== 00:13:30.484853 | babe512a-83b4-4004-8df5-d0734f04dd8b ==============================
[0m00:13:30.484853 [info ] [MainThread]: Running with dbt=1.12.5
[0m00:13:30.486391 [debug] [MainThread]: running dbt with arguments {'version_check': 'True', 'no_print': 'None', 'static_parser': 'True', 'warn_error_options': 'WarnErrorOptionsV2(error=[], warn=[], silence=[])', 'target_path': 'None', 'maximum_seed_size_mib': '1', 'printer_width': '80', 'write_json': 'True', 'empty': 'None', 'log_cache_events': 'False', 'introspect': 'True', 'cache_selected_only': 'False', 'fail_fast': 'False', 'debug': 'False', 'log_format': 'default', 'profiles_dir': 'C:\\Users\\Dell\\.dbt', 'send_anonymous_usage_stats': 'True', 'quiet': 'False', 'warn_error': 'None', 'partial_parse': 'True', 'use_colors': 'True', 'hints_enabled': 'True', 'invocation_command': 'dbt init careflow_dbt', 'use_experimental_parser': 'False', 'indirect_selection': 'eager', 'log_path': 'logs'}
[0m00:13:30.554315 [info ] [MainThread]: A project called careflow_dbt already exists here.
[0m00:13:30.556319 [debug] [MainThread]: Command `dbt init` succeeded at 00:13:30.556013 after 0.43 seconds
[0m00:13:30.557331 [debug] [MainThread]: Sending event: {'category': 'dbt', 'action': 'invocation', 'label': 'end', 'context': [<snowplow_tracker.self_describing_json.SelfDescribingJson object at 0x000001EFEA2E63F0>, <snowplow_tracker.self_describing_json.SelfDescribingJson object at 0x000001EFEA1529F0>, <snowplow_tracker.self_describing_json.SelfDescribingJson object at 0x000001EFEA2E1D00>]}
[0m00:13:30.558277 [debug] [MainThread]: Flushing usage events
[0m00:13:34.404843 [debug] [MainThread]: An error was encountered while trying to flush usage events
[0m00:14:19.123562 [debug] [MainThread]: Sending event: {'category': 'dbt', 'action': 'invocation', 'label': 'start', 'context': [<snowplow_tracker.self_describing_json.SelfDescribingJson object at 0x000001C93C077380>, <snowplow_tracker.self_describing_json.SelfDescribingJson object at 0x000001C93E8A7ED0>, <snowplow_tracker.self_describing_json.SelfDescribingJson object at 0x000001C93E8A7B10>]}


============================== 00:14:19.128465 | b85cb45b-0b7b-48e0-9515-a851b29e9c46 ==============================
[0m00:14:19.128465 [info ] [MainThread]: Running with dbt=1.12.5
[0m00:14:19.129225 [debug] [MainThread]: running dbt with arguments {'maximum_seed_size_mib': '1', 'no_print': 'None', 'static_parser': 'True', 'target_path': 'None', 'warn_error_options': 'WarnErrorOptionsV2(error=[], warn=[], silence=[])', 'version_check': 'True', 'printer_width': '80', 'write_json': 'True', 'introspect': 'True', 'log_cache_events': 'False', 'empty': 'None', 'cache_selected_only': 'False', 'log_format': 'default', 'debug': 'False', 'fail_fast': 'False', 'profiles_dir': 'C:\\Users\\Dell\\.dbt', 'send_anonymous_usage_stats': 'True', 'quiet': 'False', 'warn_error': 'None', 'partial_parse': 'True', 'indirect_selection': 'eager', 'hints_enabled': 'True', 'use_colors': 'True', 'use_experimental_parser': 'False', 'invocation_command': 'dbt init careflow_dbt', 'log_path': 'logs'}
[0m00:14:19.150323 [info ] [MainThread]: A project called careflow_dbt already exists here.
[0m00:14:19.151824 [debug] [MainThread]: Command `dbt init` succeeded at 00:14:19.151635 after 0.19 seconds
[0m00:14:19.152332 [debug] [MainThread]: Sending event: {'category': 'dbt', 'action': 'invocation', 'label': 'end', 'context': [<snowplow_tracker.self_describing_json.SelfDescribingJson object at 0x000001C93E9063F0>, <snowplow_tracker.self_describing_json.SelfDescribingJson object at 0x000001C93E7729F0>, <snowplow_tracker.self_describing_json.SelfDescribingJson object at 0x000001C93E901D00>]}
[0m00:14:19.152792 [debug] [MainThread]: Flushing usage events
[0m00:14:20.688571 [debug] [MainThread]: An error was encountered while trying to flush usage events
